Microchip MPLAB XC8 Compiler V2.32

Linker command line:

-W-3 --edf=C:\Program Files\Microchip\xc8\v2.32\pic\dat\en_msgs.txt -cn \
  -h+dist/default/production\MAIN_CONTROL.X.production.sym \
  --cmf=dist/default/production\MAIN_CONTROL.X.production.cmf -z -Q16F877A \
  -oC:\Users\PC\AppData\Local\Temp\xcAsfo.4 --defsym=__MPLAB_BUILD=1 \
  -Mdist/default/production/MAIN_CONTROL.X.production.map -E1 \
  -ver=XC8 Compiler --acfsm=1493 -ASTACK=0110h-016Fh -pstack=STACK \
  -ACODE=00h-07FFhx4 -ASTRCODE=00h-01FFFh -ASTRING=00h-0FFhx32 \
  -ACONST=00h-0FFhx32 -AENTRY=00h-0FFhx32 -ACOMMON=070h-07Fh \
  -ABANK0=020h-06Fh -ABANK1=0A0h-0EFh -ABANK2=0110h-016Fh \
  -ABANK3=0190h-01EFh -ARAM=020h-06Fh,0A0h-0EFh,0110h-016Fh,0190h-01EFh \
  -AABS1=020h-07Fh,0A0h-0EFh,0110h-016Fh,0190h-01EFh -ASFR0=00h-01Fh \
  -ASFR1=080h-09Fh -ASFR2=0100h-010Fh -ASFR3=0180h-018Fh \
  -ACONFIG=02007h-02007h -DCONFIG=2 -AIDLOC=02000h-02003h -DIDLOC=2 \
  -AEEDATA=00h-0FFh/02100h -peeprom_data=EEDATA -DEEDATA=2 -DCODE=2 \
  -DSTRCODE=2 -DSTRING=2 -DCONST=2 -DENTRY=2 \
  -preset_vec=00h,intentry=04h,init,end_init -ppowerup=CODE -pcinit=CODE \
  -pfunctab=ENTRY -k C:\Users\PC\AppData\Local\Temp\xcAsfo.o \
  dist/default/production\MAIN_CONTROL.X.production.o 

Object code version is 3.11

Machine type is 16F877A



                Name                               Link     Load   Length Selector   Space Scale
C:\Users\PC\AppData\Local\Temp\xcAsfo.o
                end_init                             12       12        3        8       0
                reset_vec                             0        0        3        0       0
                config                             2007     2007        1        0       4
dist/default/production\MAIN_CONTROL.X.production.o
                cinit                                15       15       1C        8       0
                intentry                              4        4        E        8       0
                config                             2007     2007        1        0       4
                text34                              C7F      C7F       22     18FE       0
                text33                              BEC      BEC       1A     17D8       0
                text32                              37B      37B       A5      598       0
                text31                              D40      D40       39     1A80       0
                text30                              CA1      CA1       25     1942       0
                text29                              BAD      BAD       13     175A       0
                text28                               31       31       F5        8       0
                text27                              B93      B93        D     1726       0
                text26                              C3F      C3F       20     187E       0
                text25                              DB6      DB6       59     1B6C       0
                text24                              126      126       F3        8       0
                text23                              D16      D16       2A     1A2C       0
                text22                              B85      B85        6     170A       0
                text21                              BD3      BD3       19     17A6       0
                text20                              64D      64D       80      598       0
                text19                              C5F      C5F       20     18BE       0
                text18                              C06      C06       1C     180C       0
                text17                              2CC      2CC       AF      598       0
                text16                              D79      D79       3D     1AF2       0
                text15                              F2E      F2E       69     1E5C       0
                text14                              E0F      E0F       5B     1C1E       0
                text13                              542      542       8B      598       0
                text12                              CED      CED       29     19DA       0
                text11                              4B7      4B7       8B      598       0
                text10                              BA0      BA0        D     1740       0
                text9                               73C      73C       6F      598       0
                text8                               E6A      E6A       62     1CD4       0
                text7                               5CD      5CD       80      598       0
                text6                               F97      F97       69     1F2E       0
                text5                               ECC      ECC       62     1D98       0
                text4                               C22      C22       1D     1844       0
                text3                               CC6      CC6       27     198C       0
                text2                               7AB      7AB       43      598       0
                text1                               420      420       97      598       0
                maintext                            6CD      6CD       6F      598       0
                cstackBANK0                          20       20       23       20       1
                cstackCOMMON                         70       70        C       70       1
                cstackBANK1                          A0       A0        3       A0       1
                clrtext                             B8B      B8B        8     1716       0
                inittext                            BC0      BC0       13     1780       0
                dataBANK0                            53       53        E       20       1
                bssBANK0                             43       43       10       20       1
                bssCOMMON                            7C       7C        2       70       1
                strings                             219      219       B3      432       0
                idataBANK0                          7EE      7EE        E      598       0

TOTAL           Name                               Link     Load   Length     Space
        CLASS   STACK          

        CLASS   CODE           
                end_init                             12       12        3         0
                cinit                                15       15       1C         0
                intentry                              4        4        E         0
                reset_vec                             0        0        3         0
                text34                              C7F      C7F       22         0
                text33                              BEC      BEC       1A         0
                text32                              37B      37B       A5         0
                text31                              D40      D40       39         0
                text30                              CA1      CA1       25         0
                text29                              BAD      BAD       13         0
                text28                               31       31       F5         0
                text27                              B93      B93        D         0
                text26                              C3F      C3F       20         0
                text25                              DB6      DB6       59         0
                text24                              126      126       F3         0
                text23                              D16      D16       2A         0
                text22                              B85      B85        6         0
                text21                              BD3      BD3       19         0
                text20                              64D      64D       80         0
                text19                              C5F      C5F       20         0
                text18                              C06      C06       1C         0
                text17                              2CC      2CC       AF         0
                text16                              D79      D79       3D         0
                text15                              F2E      F2E       69         0
                text14                              E0F      E0F       5B         0
                text13                              542      542       8B         0
                text12                              CED      CED       29         0
                text11                              4B7      4B7       8B         0
                text10                              BA0      BA0        D         0
                text9                               73C      73C       6F         0
                text8                               E6A      E6A       62         0
                text7                               5CD      5CD       80         0
                text6                               F97      F97       69         0
                text5                               ECC      ECC       62         0
                text4                               C22      C22       1D         0
                text3                               CC6      CC6       27         0
                text2                               7AB      7AB       43         0
                text1                               420      420       97         0
                maintext                            6CD      6CD       6F         0
                clrtext                             B8B      B8B        8         0
                inittext                            BC0      BC0       13         0
                idataBANK0                          7EE      7EE        E         0

        CLASS   STRCODE        

        CLASS   STRING         
                strings                             219      219       B3         0

        CLASS   CONST          

        CLASS   ENTRY          

        CLASS   COMMON         
                cstackCOMMON                         70       70        C         1
                bssCOMMON                            7C       7C        2         1

        CLASS   BANK0          
                cstackBANK0                          20       20       23         1
                dataBANK0                            53       53        E         1
                bssBANK0                             43       43       10         1

        CLASS   BANK1          
                cstackBANK1                          A0       A0        3         1

        CLASS   BANK2          

        CLASS   BANK3          

        CLASS   RAM            

        CLASS   ABS1           
                abs_s1                               7E       7E        2         1

        CLASS   SFR0           

        CLASS   SFR1           

        CLASS   SFR2           

        CLASS   SFR3           

        CLASS   CONFIG         
                config                             2007     2007        1         4

        CLASS   IDLOC          

        CLASS   EEDATA         



SEGMENTS        Name                           Load    Length   Top    Selector   Space  Class     Delta

                reset_vec                      000000  000003  000003         0       0  CODE        2
                intentry                       000004  000215  000219         8       0  CODE        2
                cstackBANK0                    000020  000041  000061        20       1  BANK0       1
                cstackCOMMON                   000070  00000E  00007E        70       1  COMMON      1
                cstackBANK1                    0000A0  000003  0000A3        A0       1  BANK1       1
                strings                        000219  0000B3  0002CC       432       0  STRING      2
                text17                         0002CC  000530  0007FC       598       0  CODE        2
                text22                         000B85  000006  000B8B      170A       0  CODE        2
                clrtext                        000B8B  000008  000B93      1716       0  CODE        2
                text27                         000B93  00000D  000BA0      1726       0  CODE        2
                text10                         000BA0  00000D  000BAD      1740       0  CODE        2
                text29                         000BAD  000013  000BC0      175A       0  CODE        2
                inittext                       000BC0  000013  000BD3      1780       0  CODE        2
                text21                         000BD3  000019  000BEC      17A6       0  CODE        2
                text33                         000BEC  00001A  000C06      17D8       0  CODE        2
                text18                         000C06  00001C  000C22      180C       0  CODE        2
                text4                          000C22  00001D  000C3F      1844       0  CODE        2
                text26                         000C3F  000020  000C5F      187E       0  CODE        2
                text19                         000C5F  000020  000C7F      18BE       0  CODE        2
                text34                         000C7F  000022  000CA1      18FE       0  CODE        2
                text30                         000CA1  000025  000CC6      1942       0  CODE        2
                text3                          000CC6  000027  000CED      198C       0  CODE        2
                text12                         000CED  000029  000D16      19DA       0  CODE        2
                text23                         000D16  00002A  000D40      1A2C       0  CODE        2
                text31                         000D40  000039  000D79      1A80       0  CODE        2
                text16                         000D79  00003D  000DB6      1AF2       0  CODE        2
                text25                         000DB6  000059  000E0F      1B6C       0  CODE        2
                text14                         000E0F  00005B  000E6A      1C1E       0  CODE        2
                text8                          000E6A  000062  000ECC      1CD4       0  CODE        2
                text5                          000ECC  000062  000F2E      1D98       0  CODE        2
                text15                         000F2E  000069  000F97      1E5C       0  CODE        2
                text6                          000F97  000069  001000      1F2E       0  CODE        2


UNUSED ADDRESS RANGES

        Name                Unused          Largest block    Delta
        BANK0            0061-006F              F           1
        BANK1            00A3-00EF             4D           1
        BANK2            0110-016F             60           1
        BANK3            0190-01EF             60           1
        CODE             0003-0003              1           2
                         07FC-0B84              4
                         1000-1FFF            800
        CONST            0003-0003              1           2
                         07FC-0B84            100
                         1000-1FFF            100
        EEDATA           2100-21FF            100           2
        ENTRY            0003-0003              1           2
                         07FC-0B84            100
                         1000-1FFF            100
        IDLOC            2000-2003              4           2
        RAM              0061-006F              F           1
                         00A3-00EF             4D
                         0110-016F             60
                         0190-01EF             60
        SFR0             0000-001F             20           1
        SFR1             0080-009F             20           1
        SFR2             0100-010F             10           1
        SFR3             0180-018F             10           1
        STACK            0110-016F             60           1
        STRCODE          0003-0003              1           2
                         07FC-0B84            389
                         1000-1FFF           1000
        STRING           0003-0003              1           2
                         07FC-0B84            100
                         1000-1FFF            100

                                  Symbol Table

?___awdiv                    cstackBANK0  002E
?___awmod                    cstackBANK0  0037
Control_Fan@x                cstackBANK0  002E
Control_Fan@y                cstackBANK0  0030
LCD_Clear_Char@a             cstackBANK0  0020
LCD_Clear_Char@b             cstackBANK0  0022
Lcd_Cmd@a                    cstackBANK0  0031
Lcd_Port@a                   cstackBANK0  002E
Lcd_Set_Cursor@a             cstackBANK0  0035
Lcd_Set_Cursor@b             cstackBANK0  0032
Lcd_Set_Cursor@temp          cstackBANK0  0038
Lcd_Set_Cursor@y             cstackBANK0  0037
Lcd_Set_Cursor@z             cstackBANK0  0036
Lcd_Write_Char@a             cstackBANK0  0032
Lcd_Write_Char@temp          cstackBANK0  0030
Lcd_Write_Char@y             cstackBANK0  0031
Lcd_Write_Number@a           cstackBANK0  003E
Lcd_Write_String@a           cstackBANK0  0035
Lcd_Write_String@i           cstackBANK0  0033
_Button_Init                 text22       0B85
_Check_bit                   bssBANK0     0052
_Control_Auto                text20       064D
_Control_Fan                 text21       0BD3
_DOWN_BN                     text28       0031
_ENABLE_AUTO                 dataBANK0    0053
_FAN1                        dataBANK0    005F
_FAN2                        dataBANK0    005D
_HUM                         dataBANK0    0055
_INTCONbits                  (abs)        000B
_ISR                         text23       0D16
_LCD_Clear_Char              text29       0BAD
_LCD_Control                 bssBANK0     0045
_LCD_INFOR                   text11       04B7
_LCD_MENU                    text8        0E6A
_LCD_MENU_AUTO               text6        0F97
_Lcd_Clear                   text10       0BA0
_Lcd_Cmd                     text18       0C06
_Lcd_Init                    text5        0ECC
_Lcd_Port                    text19       0C5F
_Lcd_Set_Cursor              text17       02CC
_Lcd_Write_Char              text16       0D79
_Lcd_Write_Number            text13       0542
_Lcd_Write_String            text12       0CED
_MENU_BN                     text26       0C3F
_OK_BN                       text25       0DB6
_OPTION_REGbits              (abs)        0081
_PORTB                       (abs)        0006
_PORTC                       (abs)        0007
_PORTDbits                   (abs)        0008
_RD2                         (abs)        0042
_RD3                         (abs)        0043
_RD4                         (abs)        0044
_RD5                         (abs)        0045
_RD6                         (abs)        0046
_RD7                         (abs)        0047
_RH_byte_1                   bssBANK0     004F
_RH_byte_2                   bssBANK0     004E
_Sensor_Init                 text1        0420
_Show_Menu                   text9        073C
_Show_Menu_Auto              text7        05CD
_Sumation                    bssBANK0     004D
_TEM                         dataBANK0    0057
_TRISBbits                   (abs)        0086
_TRISC                       (abs)        0087
_TRISD                       (abs)        0088
_TRISDbits                   (abs)        0088
_Temp_byte_1                 bssBANK0     0051
_Temp_byte_2                 bssBANK0     0050
_UP_BN                       text24       0126
__Habs1                      abs1         0000
__Hbank0                     bank0        0000
__Hbank1                     bank1        0000
__Hbank2                     bank2        0000
__Hbank3                     bank3        0000
__HbssBANK0                  bssBANK0     0000
__HbssCOMMON                 bssCOMMON    0000
__Hcinit                     cinit        0031
__Hclrtext                   clrtext      0000
__Hcode                      code         0000
__Hcommon                    common       0000
__Hconfig                    config       2008
__HcstackBANK0               cstackBANK0  0000
__HcstackBANK1               cstackBANK1  0000
__HcstackCOMMON              cstackCOMMON 0000
__HdataBANK0                 dataBANK0    0000
__Heeprom_data               eeprom_data  0000
__Hend_init                  end_init     0015
__Hfunctab                   functab      0000
__HidataBANK0                idataBANK0   0000
__Hinit                      init         0012
__Hinittext                  inittext     0000
__Hintentry                  intentry     0012
__Hmaintext                  maintext     0000
__Hpowerup                   powerup      0000
__Hram                       ram          0000
__Hreset_vec                 reset_vec    0003
__Hsfr0                      sfr0         0000
__Hsfr1                      sfr1         0000
__Hsfr2                      sfr2         0000
__Hsfr3                      sfr3         0000
__Hspace_0                   (abs)        1000
__Hspace_1                   (abs)        00A3
__Hspace_2                   (abs)        0000
__Hspace_3                   (abs)        0000
__Hspace_4                   (abs)        400F
__Hstack                     stack        0000
__Hstrings                   strings      0000
__Htext                      text         0000
__Labs1                      abs1         0000
__Lbank0                     bank0        0000
__Lbank1                     bank1        0000
__Lbank2                     bank2        0000
__Lbank3                     bank3        0000
__LbssBANK0                  bssBANK0     0000
__LbssCOMMON                 bssCOMMON    0000
__Lcinit                     cinit        0015
__Lclrtext                   clrtext      0000
__Lcode                      code         0000
__Lcommon                    common       0000
__Lconfig                    config       0000
__LcstackBANK0               cstackBANK0  0000
__LcstackBANK1               cstackBANK1  0000
__LcstackCOMMON              cstackCOMMON 0000
__LdataBANK0                 dataBANK0    0000
__Leeprom_data               eeprom_data  0000
__Lend_init                  end_init     0012
__Lfunctab                   functab      0000
__LidataBANK0                idataBANK0   0000
__Linit                      init         0012
__Linittext                  inittext     0000
__Lintentry                  intentry     0004
__Lmaintext                  maintext     0000
__Lpowerup                   powerup      0000
__Lram                       ram          0000
__Lreset_vec                 reset_vec    0000
__Lsfr0                      sfr0         0000
__Lsfr1                      sfr1         0000
__Lsfr2                      sfr2         0000
__Lsfr3                      sfr3         0000
__Lspace_0                   (abs)        0000
__Lspace_1                   (abs)        0000
__Lspace_2                   (abs)        0000
__Lspace_3                   (abs)        0000
__Lspace_4                   (abs)        0000
__Lstack                     stack        0000
__Lstrings                   strings      0000
__Ltext                      text         0000
__S0                         (abs)        1000
__S1                         (abs)        00A3
__S2                         (abs)        0000
__S3                         (abs)        0000
___awdiv                     text15       0F2E
___awdiv@counter             cstackBANK0  0033
___awdiv@dividend            cstackBANK0  0030
___awdiv@divisor             cstackBANK0  002E
___awdiv@quotient            cstackBANK0  0035
___awdiv@sign                cstackBANK0  0034
___awmod                     text14       0E0F
___awmod@counter             cstackBANK0  003C
___awmod@dividend            cstackBANK0  0039
___awmod@divisor             cstackBANK0  0037
___awmod@sign                cstackBANK0  003D
___int_sp                    stack        0000
___latbits                   (abs)        0002
___sp                        stack        0000
___stackhi                   (abs)        0000
___stacklo                   (abs)        0000
__end_of_Button_Init         text22       0B8B
__end_of_Control_Auto        text20       06CD
__end_of_Control_Fan         text21       0BEC
__end_of_DOWN_BN             text28       0126
__end_of_ISR                 text23       0D40
__end_of_LCD_Clear_Char      text29       0BC0
__end_of_LCD_INFOR           text11       0542
__end_of_LCD_MENU            text8        0ECC
__end_of_LCD_MENU_AUTO       text6        1000
__end_of_Lcd_Clear           text10       0BAD
__end_of_Lcd_Cmd             text18       0C22
__end_of_Lcd_Init            text5        0F2E
__end_of_Lcd_Port            text19       0C7F
__end_of_Lcd_Set_Cursor      text17       037B
__end_of_Lcd_Write_Char      text16       0DB6
__end_of_Lcd_Write_Number    text13       05CD
__end_of_Lcd_Write_String    text12       0D16
__end_of_MENU_BN             text26       0C5F
__end_of_OK_BN               text25       0E0F
__end_of_Sensor_Init         text1        04B7
__end_of_Show_Menu           text9        07AB
__end_of_Show_Menu_Auto      text7        064D
__end_of_UP_BN               text24       0219
__end_of___awdiv             text15       0F97
__end_of___awmod             text14       0E6A
__end_of__initialization     cinit        002D
__end_of__stringtab          strings      021F
__end_of_dht11_init          text4        0C3F
__end_of_find_response       text3        0CED
__end_of_main                maintext     073C
__end_of_read_dht11          text2        07EE
__end_ofi1_Lcd_Clear         text27       0BA0
__end_ofi1_Lcd_Cmd           text33       0C06
__end_ofi1_Lcd_Port          text34       0CA1
__end_ofi1_Lcd_Set_Cursor    text32       0420
__end_ofi1_Lcd_Write_Char    text31       0D79
__end_ofi1_Lcd_Write_String  text30       0CC6
__initialization             cinit        0015
__pbssBANK0                  bssBANK0     0043
__pbssCOMMON                 bssCOMMON    007C
__pcstackBANK0               cstackBANK0  0020
__pcstackBANK1               cstackBANK1  00A0
__pcstackCOMMON              cstackCOMMON 0070
__pdataBANK0                 dataBANK0    0053
__pidataBANK0                idataBANK0   07EE
__pintentry                  intentry     0004
__pmaintext                  maintext     06CD
__pstrings                   strings      0219
__ptext1                     text1        0420
__ptext10                    text10       0BA0
__ptext11                    text11       04B7
__ptext12                    text12       0CED
__ptext13                    text13       0542
__ptext14                    text14       0E0F
__ptext15                    text15       0F2E
__ptext16                    text16       0D79
__ptext17                    text17       02CC
__ptext18                    text18       0C06
__ptext19                    text19       0C5F
__ptext2                     text2        07AB
__ptext20                    text20       064D
__ptext21                    text21       0BD3
__ptext22                    text22       0B85
__ptext23                    text23       0D16
__ptext24                    text24       0126
__ptext25                    text25       0DB6
__ptext26                    text26       0C3F
__ptext27                    text27       0B93
__ptext28                    text28       0031
__ptext29                    text29       0BAD
__ptext3                     text3        0CC6
__ptext30                    text30       0CA1
__ptext31                    text31       0D40
__ptext32                    text32       037B
__ptext33                    text33       0BEC
__ptext34                    text34       0C7F
__ptext4                     text4        0C22
__ptext5                     text5        0ECC
__ptext6                     text6        0F97
__ptext7                     text7        05CD
__ptext8                     text8        0E6A
__ptext9                     text9        073C
__size_of_Button_Init        (abs)        0000
__size_of_Control_Auto       (abs)        0000
__size_of_Control_Fan        (abs)        0000
__size_of_DOWN_BN            (abs)        0000
__size_of_ISR                (abs)        0000
__size_of_LCD_Clear_Char     (abs)        0000
__size_of_LCD_INFOR          (abs)        0000
__size_of_LCD_MENU           (abs)        0000
__size_of_LCD_MENU_AUTO      (abs)        0000
__size_of_Lcd_Clear          (abs)        0000
__size_of_Lcd_Cmd            (abs)        0000
__size_of_Lcd_Init           (abs)        0000
__size_of_Lcd_Port           (abs)        0000
__size_of_Lcd_Set_Cursor     (abs)        0000
__size_of_Lcd_Write_Char     (abs)        0000
__size_of_Lcd_Write_Number   (abs)        0000
__size_of_Lcd_Write_String   (abs)        0000
__size_of_MENU_BN            (abs)        0000
__size_of_OK_BN              (abs)        0000
__size_of_Sensor_Init        (abs)        0000
__size_of_Show_Menu          (abs)        0000
__size_of_Show_Menu_Auto     (abs)        0000
__size_of_UP_BN              (abs)        0000
__size_of___awdiv            (abs)        0000
__size_of___awmod            (abs)        0000
__size_of_dht11_init         (abs)        0000
__size_of_find_response      (abs)        0000
__size_of_main               (abs)        0000
__size_of_read_dht11         (abs)        0000
__size_ofi1_Lcd_Clear        (abs)        0000
__size_ofi1_Lcd_Cmd          (abs)        0000
__size_ofi1_Lcd_Port         (abs)        0000
__size_ofi1_Lcd_Set_Cursor   (abs)        0000
__size_ofi1_Lcd_Write_Char   (abs)        0000
__size_ofi1_Lcd_Write_String (abs)        0000
__stringbase                 strings      021E
__stringtab                  strings      0219
_dht11_init                  text4        0C22
_fan1_control                dataBANK0    005B
_fan2_control                dataBANK0    0059
_find_response               text3        0CC6
_humidity                    bssBANK0     0047
_main                        maintext     06CD
_read_dht11                  text2        07AB
_temp_button                 bssBANK0     004B
_temperature                 bssBANK0     0049
btemp                        (abs)        007E
clear_ram0                   clrtext      0B8B
end_of_initialization        cinit        002D
i1Lcd_Cmd@a                  cstackCOMMON 0073
i1Lcd_Port@a                 cstackCOMMON 0070
i1Lcd_Set_Cursor@a           cstackCOMMON 0077
i1Lcd_Set_Cursor@b           cstackCOMMON 0074
i1Lcd_Set_Cursor@temp        cstackCOMMON 007A
i1Lcd_Set_Cursor@y           cstackCOMMON 0079
i1Lcd_Set_Cursor@z           cstackCOMMON 0078
i1Lcd_Write_Char@a           cstackCOMMON 0074
i1Lcd_Write_Char@temp        cstackCOMMON 0072
i1Lcd_Write_Char@y           cstackCOMMON 0073
i1Lcd_Write_String@a         cstackCOMMON 0075
i1Lcd_Write_String@i         cstackCOMMON 0076
i1_Lcd_Clear                 text27       0B93
i1_Lcd_Cmd                   text33       0BEC
i1_Lcd_Port                  text34       0C7F
i1_Lcd_Set_Cursor            text32       037B
i1_Lcd_Write_Char            text31       0D40
i1_Lcd_Write_String          text30       0CA1
init_fetch0                  inittext     0BC0
init_ram0                    inittext     0BC4
interrupt_function           intentry     0004
intlevel0                    functab      0000
intlevel1                    functab      0000
intlevel2                    functab      0000
intlevel3                    functab      0000
intlevel4                    functab      0000
intlevel5                    functab      0000
read_dht11@data              cstackBANK0  0030
read_dht11@for_count         cstackBANK0  0031
reset_vec                    reset_vec    0000
saved_w                      (abs)        007E
start                        init         0012
start_initialization         cinit        0015
wtemp0                       (abs)        007E


MODULE INFORMATION

Module		Function		Class		Link	Load	Size
../../Source/MAIN_CONTROL/MAIN_CONTROL.c
		_Control_Fan   		CODE           	0BD3	0000	25
		_Control_Auto  		CODE           	064D	0000	128
		_LCD_MENU      		CODE           	0E6A	0000	98
		_ISR           		CODE           	0D16	0000	42
		_LCD_MENU_AUTO 		CODE           	0F97	0000	105
		_main          		CODE           	06CD	0000	111
		_Sensor_Init   		CODE           	0420	0000	151
		_Show_Menu     		CODE           	073C	0000	111
		_Button_Init   		CODE           	0B85	0000	6
		_DOWN_BN       		CODE           	0031	0000	245
		_OK_BN         		CODE           	0DB6	0000	89
		_MENU_BN       		CODE           	0C3F	0000	32
		_Show_Menu_Auto		CODE           	05CD	0000	128
		_UP_BN         		CODE           	0126	0000	243
		_LCD_INFOR     		CODE           	04B7	0000	139

../../Source/MAIN_CONTROL/MAIN_CONTROL.c estimated size: 1653

../../Source/MAIN_CONTROL/HEADER_FILE/dht11.h
		_read_dht11    		CODE           	07AB	0000	67
		_find_response 		CODE           	0CC6	0000	39
		_dht11_init    		CODE           	0C22	0000	29

../../Source/MAIN_CONTROL/HEADER_FILE/dht11.h estimated size: 135

C:\Program Files\Microchip\xc8\v2.32\pic\sources\c90\common\awmod.c
		___awmod       		CODE           	0E0F	0000	91

C:\Program Files\Microchip\xc8\v2.32\pic\sources\c90\common\awmod.c estimated size: 91

shared
		__stringtab    		STRING         	0219	0000	6
		i1_Lcd_Write_Char		CODE           	0D40	0000	57
		i1_Lcd_Port    		CODE           	0C7F	0000	34
		i1_Lcd_Cmd     		CODE           	0BEC	0000	26
		i1_Lcd_Clear   		CODE           	0B93	0000	13
		__initialization		CODE           	0015	0000	24
		i1_Lcd_Set_Cursor		CODE           	037B	0000	165
		i1_Lcd_Write_String		CODE           	0CA1	0000	37

shared estimated size: 362

../../Source/MAIN_CONTROL/HEADER_FILE/lcd.h
		_Lcd_Write_String		CODE           	0CED	0000	41
		_Lcd_Write_Number		CODE           	0542	0000	139
		_Lcd_Init      		CODE           	0ECC	0000	98
		_Lcd_Write_Char		CODE           	0D79	0000	61
		_Lcd_Cmd       		CODE           	0C06	0000	28
		_Lcd_Set_Cursor		CODE           	02CC	0000	175
		_Lcd_Clear     		CODE           	0BA0	0000	13
		_Lcd_Port      		CODE           	0C5F	0000	32
		_LCD_Clear_Char		CODE           	0BAD	0000	19

../../Source/MAIN_CONTROL/HEADER_FILE/lcd.h estimated size: 606

C:\Program Files\Microchip\xc8\v2.32\pic\sources\c90\common\awdiv.c
		___awdiv       		CODE           	0F2E	0000	105

C:\Program Files\Microchip\xc8\v2.32\pic\sources\c90\common\awdiv.c estimated size: 105

