Microchip MPLAB XC8 Compiler V2.32

Linker command line:

-W-3 --edf=C:\Program Files\Microchip\xc8\v2.32\pic\dat\en_msgs.txt -cn \
  -h+dist/default/production\MOTOR_CONTROL.X.production.sym \
  --cmf=dist/default/production\MOTOR_CONTROL.X.production.cmf -z -Q16F877A \
  -oC:\Users\PC\AppData\Local\Temp\xcAs3m4.4 --defsym=__MPLAB_BUILD=1 \
  -Mdist/default/production/MOTOR_CONTROL.X.production.map -E1 \
  -ver=XC8 Compiler --acfsm=1493 -ASTACK=0110h-016Fh -pstack=STACK \
  -ACODE=00h-07FFhx4 -ASTRCODE=00h-01FFFh -ASTRING=00h-0FFhx32 \
  -ACONST=00h-0FFhx32 -AENTRY=00h-0FFhx32 -ACOMMON=070h-07Fh \
  -ABANK0=020h-06Fh -ABANK1=0A0h-0EFh -ABANK2=0110h-016Fh \
  -ABANK3=0190h-01EFh -ARAM=020h-06Fh,0A0h-0EFh,0110h-016Fh,0190h-01EFh \
  -AABS1=020h-07Fh,0A0h-0EFh,0110h-016Fh,0190h-01EFh -ASFR0=00h-01Fh \
  -ASFR1=080h-09Fh -ASFR2=0100h-010Fh -ASFR3=0180h-018Fh \
  -ACONFIG=02007h-02007h -DCONFIG=2 -AIDLOC=02000h-02003h -DIDLOC=2 \
  -AEEDATA=00h-0FFh/02100h -peeprom_data=EEDATA -DEEDATA=2 -DCODE=2 \
  -DSTRCODE=2 -DSTRING=2 -DCONST=2 -DENTRY=2 \
  -preset_vec=00h,intentry,init,end_init -ppowerup=CODE -pcinit=CODE \
  -pfunctab=ENTRY -k C:\Users\PC\AppData\Local\Temp\xcAs3m4.o \
  dist/default/production\MOTOR_CONTROL.X.production.o 

Object code version is 3.11

Machine type is 16F877A



                Name                               Link     Load   Length Selector   Space Scale
C:\Users\PC\AppData\Local\Temp\xcAs3m4.o
                end_init                              0        0        3        0       0
                config                             2007     2007        1        0       4
dist/default/production\MOTOR_CONTROL.X.production.o
                cinit                               7EA      7EA       16      FD4       0
                config                             2007     2007        1        0       4
                text3                               706      706       19      E0C       0
                text2                               6FE      6FE        8      DFC       0
                text1                               71F      71F       46      E3E       0
                maintext                            765      765       85      ECA       0
                cstackCOMMON                         70       70        7       70       1
                bssBANK0                             20       20        A       20       1
                bssCOMMON                            77       77        6       70       1

TOTAL           Name                               Link     Load   Length     Space
        CLASS   STACK          

        CLASS   CODE           
                end_init                              0        0        3         0
                cinit                               7EA      7EA       16         0
                text3                               706      706       19         0
                text2                               6FE      6FE        8         0
                text1                               71F      71F       46         0
                maintext                            765      765       85         0

        CLASS   STRCODE        

        CLASS   STRING         

        CLASS   CONST          

        CLASS   ENTRY          

        CLASS   COMMON         
                cstackCOMMON                         70       70        7         1
                bssCOMMON                            77       77        6         1

        CLASS   BANK0          
                bssBANK0                             20       20        A         1

        CLASS   BANK1          

        CLASS   BANK2          

        CLASS   BANK3          

        CLASS   RAM            

        CLASS   ABS1           
                abs_s1                               7E       7E        2         1

        CLASS   SFR0           

        CLASS   SFR1           

        CLASS   SFR2           

        CLASS   SFR3           

        CLASS   CONFIG         
                config                             2007     2007        1         4

        CLASS   IDLOC          

        CLASS   EEDATA         



SEGMENTS        Name                           Load    Length   Top    Selector   Space  Class     Delta

                reset_vec                      000000  000003  000003         0       0  CODE        2
                bssBANK0                       000020  00000A  00002A        20       1  BANK0       1
                cstackCOMMON                   000070  00000D  00007D        70       1  COMMON      1
                text2                          0006FE  000008  000706       DFC       0  CODE        2
                text3                          000706  000019  00071F       E0C       0  CODE        2
                text1                          00071F  000046  000765       E3E       0  CODE        2
                maintext                       000765  000085  0007EA       ECA       0  CODE        2
                cinit                          0007EA  000016  000800       FD4       0  CODE        2


UNUSED ADDRESS RANGES

        Name                Unused          Largest block    Delta
        BANK0            002A-006F             46           1
        BANK1            00A0-00EF             50           1
        BANK2            0110-016F             60           1
        BANK3            0190-01EF             60           1
        CODE             0003-06FD            6FB           2
                         0800-1FFF            800
        COMMON           007D-007D              1           1
        CONST            0003-06FD            100           2
                         0800-1FFF            100
        EEDATA           2100-21FF            100           2
        ENTRY            0003-06FD            100           2
                         0800-1FFF            100
        IDLOC            2000-2003              4           2
        RAM              002A-006F             46           1
                         00A0-00EF             50
                         0110-016F             60
                         0190-01EF             60
        SFR0             0000-001F             20           1
        SFR1             0080-009F             20           1
        SFR2             0100-010F             10           1
        SFR3             0180-018F             10           1
        STACK            0110-016F             60           1
        STRCODE          0003-06FD            6FB           2
                         0800-1FFF           1800
        STRING           0003-06FD            100           2
                         0800-1FFF            100

                                  Symbol Table

DelayTimer0_01ms@t         cstackCOMMON 0070
_DelayTimer0_01ms          text3        0706
_INTCONbits                (abs)        000B
_OPTION_REGbits            (abs)        0081
_PORTB                     (abs)        0006
_PORTD                     (abs)        0008
_TMR0                      (abs)        0001
_TRISB                     (abs)        0086
_TRISD                     (abs)        0088
_Timer0_Init               text2        06FE
__Habs1                    abs1         0000
__Hbank0                   bank0        0000
__Hbank1                   bank1        0000
__Hbank2                   bank2        0000
__Hbank3                   bank3        0000
__HbssBANK0                bssBANK0     0000
__HbssCOMMON               bssCOMMON    0000
__Hcinit                   cinit        0800
__Hclrtext                 clrtext      0000
__Hcode                    code         0000
__Hcommon                  common       0000
__Hconfig                  config       2008
__HcstackCOMMON            cstackCOMMON 0000
__Heeprom_data             eeprom_data  0000
__Hend_init                end_init     0003
__Hfunctab                 functab      0000
__Hinit                    init         0000
__Hintentry                intentry     0000
__Hmaintext                maintext     0000
__Hpowerup                 powerup      0000
__Hram                     ram          0000
__Hreset_vec               reset_vec    0000
__Hsfr0                    sfr0         0000
__Hsfr1                    sfr1         0000
__Hsfr2                    sfr2         0000
__Hsfr3                    sfr3         0000
__Hspace_0                 (abs)        0800
__Hspace_1                 (abs)        007D
__Hspace_2                 (abs)        0000
__Hspace_3                 (abs)        0000
__Hspace_4                 (abs)        400F
__Hstack                   stack        0000
__Hstrings                 strings      0000
__Htext                    text         0000
__Labs1                    abs1         0000
__Lbank0                   bank0        0000
__Lbank1                   bank1        0000
__Lbank2                   bank2        0000
__Lbank3                   bank3        0000
__LbssBANK0                bssBANK0     0000
__LbssCOMMON               bssCOMMON    0000
__Lcinit                   cinit        07EA
__Lclrtext                 clrtext      0000
__Lcode                    code         0000
__Lcommon                  common       0000
__Lconfig                  config       0000
__LcstackCOMMON            cstackCOMMON 0000
__Leeprom_data             eeprom_data  0000
__Lend_init                end_init     0000
__Lfunctab                 functab      0000
__Linit                    init         0000
__Lintentry                intentry     0000
__Lmaintext                maintext     0000
__Lpowerup                 powerup      0000
__Lram                     ram          0000
__Lreset_vec               reset_vec    0000
__Lsfr0                    sfr0         0000
__Lsfr1                    sfr1         0000
__Lsfr2                    sfr2         0000
__Lsfr3                    sfr3         0000
__Lspace_0                 (abs)        0000
__Lspace_1                 (abs)        0000
__Lspace_2                 (abs)        0000
__Lspace_3                 (abs)        0000
__Lspace_4                 (abs)        0000
__Lstack                   stack        0000
__Lstrings                 strings      0000
__Ltext                    text         0000
__S0                       (abs)        0800
__S1                       (abs)        007D
__S2                       (abs)        0000
__S3                       (abs)        0000
___int_sp                  stack        0000
___latbits                 (abs)        0002
___sp                      stack        0000
___stackhi                 (abs)        0000
___stacklo                 (abs)        0000
__end_of_DelayTimer0_01ms  text3        071F
__end_of_Timer0_Init       text2        0706
__end_of__initialization   cinit        07FC
__end_of_control_fan       text1        0765
__end_of_main              maintext     07EA
__initialization           cinit        07EA
__pbssBANK0                bssBANK0     0020
__pbssCOMMON               bssCOMMON    0077
__pcstackCOMMON            cstackCOMMON 0070
__pmaintext                maintext     0765
__ptext1                   text1        071F
__ptext2                   text2        06FE
__ptext3                   text3        0706
__size_of_DelayTimer0_01ms (abs)        0000
__size_of_Timer0_Init      (abs)        0000
__size_of_control_fan      (abs)        0000
__size_of_main             (abs)        0000
_control_fan               text1        071F
_main                      maintext     0765
_mem1                      bssCOMMON    0077
_mem2                      bssBANK0     0028
_temp                      bssBANK0     0026
_temp1                     bssBANK0     0024
_temp2                     bssBANK0     0022
_temp3                     bssBANK0     0020
_x                         bssCOMMON    007B
_y                         bssCOMMON    0079
btemp                      (abs)        007E
control_fan@x              cstackCOMMON 0070
control_fan@y              cstackCOMMON 0072
end_of_initialization      cinit        07FC
intlevel0                  functab      0000
intlevel1                  functab      0000
intlevel2                  functab      0000
intlevel3                  functab      0000
intlevel4                  functab      0000
intlevel5                  functab      0000
reset_vec                  reset_vec    0000
start                      init         0000
start_initialization       cinit        07EA
wtemp0                     (abs)        007E


MODULE INFORMATION

Module		Function		Class		Link	Load	Size
shared
		__initialization		CODE           	07EA	0000	18

shared estimated size: 18

../../Source/MOTOR_CONTROL/MOTOR_CONTROL.c
		_Timer0_Init   		CODE           	06FE	0000	8
		_main          		CODE           	0765	0000	133
		_control_fan   		CODE           	071F	0000	70
		_DelayTimer0_01ms		CODE           	0706	0000	25

../../Source/MOTOR_CONTROL/MOTOR_CONTROL.c estimated size: 236

